gamemodes/basewars/entities/entities/basewars_base/shared.lua:246: Tried to use a NULL entity!
  1. SteamID64 - [C]:-1
   2. ownershipCheck - gamemodes/basewars/entities/entities/basewars_base/shared.lua:246
    3. sameOwner - gamemodes/basewars/gamemode/shared.lua:203
     4. func - gamemodes/basewars/gamemode/core/base_core_ownership.lua:27
      5. Run - gamemodes/basewars/gamemode/core/hook_override.lua:63
       6. encompassesEntity - gamemodes/basewars/entities/entities/basewars_core/shared.lua:114
        7. transmitAreaEnts - gamemodes/basewars/entities/entities/basewars_core/init.lua:41
         8. unknown - gamemodes/basewars/entities/entities/basewars_core/init.lua:373

-- projectile weapons cause this
gamemodes/basewars/gamemode/core/uid_sid64_converter.lua:42: attempt to index local 'owner_id' (a nil value)
  1. getOwnerSID64 - gamemodes/basewars/gamemode/core/uid_sid64_converter.lua:42
   2. func - gamemodes/basewars/gamemode/core/factions.lua:100
    3. Run - gamemodes/basewars/gamemode/core/hook_override.lua:63
     4. encompassesEntity - gamemodes/basewars/entities/entities/basewars_core/shared.lua:114
      5. protectsEntity - gamemodes/basewars/entities/entities/basewars_core/shared.lua:121
       6. func - gamemodes/basewars/gamemode/core/server/sv_base_core_ownership.lua:36
        7. Run - gamemodes/basewars/gamemode/core/hook_override.lua:63
         8. unknown - gamemodes/basewars/gamemode/core/hook_extensions.lua:45

-- spawning core in wall, maybe drop to floor fucks it
gamemodes/basewars/entities/entities/basewars_core/init.lua:189: core with no base at 2591.649902 -2178.377930 3.956268
